> Task :compileJava UP-TO-DATE

BUILD SUCCESSFUL in 1s
1 actionable task: 1 up-to-date
Consider enabling configuration cache to speed up this build: https://docs.gradle.org/9.4.1/userguide/configuration_cache_enabling.html
